------------------------------------------------------------
Timing Analyzer Summary
------------------------------------------------------------

Type  : Slow 1200mV 85C Model Setup 'clk'
Slack : -4.986
TNS   : -109.301

Type  : Slow 1200mV 85C Model Setup 'tick'
Slack : -1.876
TNS   : -17.799

Type  : Slow 1200mV 85C Model Hold 'clk'
Slack : 0.360
TNS   : 0.000

Type  : Slow 1200mV 85C Model Hold 'tick'
Slack : 0.360
TNS   : 0.000

Type  : Slow 1200mV 85C Model Minimum Pulse Width 'clk'
Slack : -3.000
TNS   : -52.071

Type  : Slow 1200mV 85C Model Minimum Pulse Width 'tick'
Slack : -1.487
TNS   : -20.818

Type  : Slow 1200mV 0C Model Setup 'clk'
Slack : -4.793
TNS   : -101.277

Type  : Slow 1200mV 0C Model Setup 'tick'
Slack : -1.698
TNS   : -15.878

Type  : Slow 1200mV 0C Model Hold 'clk'
Slack : 0.323
TNS   : 0.000

Type  : Slow 1200mV 0C Model Hold 'tick'
Slack : 0.323
TNS   : 0.000

Type  : Slow 1200mV 0C Model Minimum Pulse Width 'clk'
Slack : -3.000
TNS   : -52.071

Type  : Slow 1200mV 0C Model Minimum Pulse Width 'tick'
Slack : -1.487
TNS   : -20.818

Type  : Fast 1200mV 0C Model Setup 'clk'
Slack : -1.409
TNS   : -22.543

Type  : Fast 1200mV 0C Model Setup 'tick'
Slack : -0.126
TNS   : -0.684

Type  : Fast 1200mV 0C Model Hold 'clk'
Slack : 0.151
TNS   : 0.000

Type  : Fast 1200mV 0C Model Hold 'tick'
Slack : 0.151
TNS   : 0.000

Type  : Fast 1200mV 0C Model Minimum Pulse Width 'clk'
Slack : -3.000
TNS   : -36.968

Type  : Fast 1200mV 0C Model Minimum Pulse Width 'tick'
Slack : -1.000
TNS   : -14.000

------------------------------------------------------------
